App.tsx(101,6): error TS2769: No overload matches this call.
  Overload 1 of 2, '(props: Omit<DefaultRouterOptions<string> & { children: ReactNode; layout?: (props: { state: TabNavigationState<ParamListBase>; navigation: NavigationHelpers<...>; descriptors: Record<...>; children: ReactNode; }) => ReactElement<...>; ... 4 more ...; UNSTABLE_routeNamesChangeBehavior?: "firstMatch" | "lastUnhandled"; } & { ...; } & DefaultRouterOptions & { ...; } & BottomTabNavigationConfig, "children" | ... 7 more ... | "UNSTABLE_routeNamesChangeBehavior"> & DefaultRouterOptions<...> & { ...; } & { ...; }, context?: any): string | ... 6 more ... | Component<...>', gave the following error.
    Property 'id' is missing in type '{ children: Element[]; screenOptions: { headerShown: false; tabBarStyle: { backgroundColor: string; borderTopWidth: number; height: number; position: "absolute"; bottom: number; left: number; ... 9 more ...; paddingHorizontal: number; }; tabBarShowLabel: false; tabBarHideOnKeyboard: true; tabBarItemStyle: { ...; }; ...' but required in type '{ id: string; }'.
  Overload 2 of 2, '(props: Omit<DefaultRouterOptions<string> & { children: ReactNode; layout?: (props: { state: TabNavigationState<ParamListBase>; navigation: NavigationHelpers<...>; descriptors: Record<...>; children: ReactNode; }) => ReactElement<...>; ... 4 more ...; UNSTABLE_routeNamesChangeBehavior?: "firstMatch" | "lastUnhandled"; } & { ...; } & DefaultRouterOptions & { ...; } & BottomTabNavigationConfig, "children" | ... 7 more ... | "UNSTABLE_routeNamesChangeBehavior"> & DefaultRouterOptions<...> & { ...; } & { ...; }): string | ... 6 more ... | Component<...>', gave the following error.
    Property 'id' is missing in type '{ children: Element[]; screenOptions: { headerShown: false; tabBarStyle: { backgroundColor: string; borderTopWidth: number; height: number; position: "absolute"; bottom: number; left: number; ... 9 more ...; paddingHorizontal: number; }; tabBarShowLabel: false; tabBarHideOnKeyboard: true; tabBarItemStyle: { ...; }; ...' but required in type '{ id: string; }'.
App.tsx(163,8): error TS2769: No overload matches this call.
  Overload 1 of 2, '(props: Omit<DefaultRouterOptions<string> & { children: ReactNode; layout?: (props: { state: StackNavigationState<ParamListBase>; navigation: NavigationHelpers<...>; descriptors: Record<...>; children: ReactNode; }) => ReactElement<...>; ... 4 more ...; UNSTABLE_routeNamesChangeBehavior?: "firstMatch" | "lastUnhandled"; } & { ...; } & StackRouterOptions, "children" | ... 7 more ... | "UNSTABLE_routeNamesChangeBehavior"> & DefaultRouterOptions<...> & { ...; } & { ...; }, context?: any): string | ... 6 more ... | Component<...>', gave the following error.
    Property 'id' is missing in type '{ children: Element[]; screenOptions: { headerShown: false; }; }' but required in type '{ id: string; }'.
  Overload 2 of 2, '(props: Omit<DefaultRouterOptions<string> & { children: ReactNode; layout?: (props: { state: StackNavigationState<ParamListBase>; navigation: NavigationHelpers<...>; descriptors: Record<...>; children: ReactNode; }) => ReactElement<...>; ... 4 more ...; UNSTABLE_routeNamesChangeBehavior?: "firstMatch" | "lastUnhandled"; } & { ...; } & StackRouterOptions, "children" | ... 7 more ... | "UNSTABLE_routeNamesChangeBehavior"> & DefaultRouterOptions<...> & { ...; } & { ...; }): string | ... 6 more ... | Component<...>', gave the following error.
    Property 'id' is missing in type '{ children: Element[]; screenOptions: { headerShown: false; }; }' but required in type '{ id: string; }'.
src/components/CustomButton.tsx(19,17): error TS2769: No overload matches this call.
  Overload 1 of 2, '(props: LinearGradientProps): LinearGradient', gave the following error.
    Type 'string[]' is not assignable to type 'readonly [ColorValue, ColorValue, ...ColorValue[]]'.
      Source provides no match for required element at position 0 in target.
  Overload 2 of 2, '(props: LinearGradientProps, context: any): LinearGradient', gave the following error.
    Type 'string[]' is not assignable to type 'readonly [ColorValue, ColorValue, ...ColorValue[]]'.
      Source provides no match for required element at position 0 in target.
src/screens/AnalyzeScreen.tsx(43,10): error TS2741: Property 'style' is missing in type '{ children: Element; }' but required in type '{ children: any; style: any; }'.
src/screens/AnalyzeScreen.tsx(65,22): error TS2741: Property 'textStyle' is missing in type '{ title: string; onPress: () => Promise<void>; loading: boolean; style: { marginBottom: number; }; }' but required in type '{ title: any; onPress: any; loading?: boolean; style: any; textStyle: any; variant?: string; }'.
src/screens/HomeScreen.tsx(32,10): error TS2741: Property 'style' is missing in type '{ children: Element; }' but required in type '{ children: any; style: any; }'.
src/screens/HomeScreen.tsx(61,56): error TS2769: No overload matches this call.
  Argument of type '[string]' is not assignable to parameter of type 'never'.
  Overload 2 of 2, '(options: never): void', gave the following error.
    Argument of type '"Report"' is not assignable to parameter of type 'never'.
src/screens/HomeScreen.tsx(69,56): error TS2769: No overload matches this call.
  Argument of type '[string]' is not assignable to parameter of type 'never'.
  Overload 2 of 2, '(options: never): void', gave the following error.
    Argument of type '"Resources"' is not assignable to parameter of type 'never'.
src/screens/MonitoringScreen.tsx(122,10): error TS2741: Property 'style' is missing in type '{ children: Element; }' but required in type '{ children: any; style: any; }'.
src/screens/ReportScreen.tsx(38,10): error TS2741: Property 'style' is missing in type '{ children: Element; }' but required in type '{ children: any; style: any; }'.
src/screens/ReportScreen.tsx(52,33): error TS2769: No overload matches this call.
  Overload 1 of 2, '(props: LinearGradientProps): LinearGradient', gave the following error.
    Type 'string[]' is not assignable to type 'readonly [ColorValue, ColorValue, ...ColorValue[]]'.
      Source provides no match for required element at position 0 in target.
  Overload 2 of 2, '(props: LinearGradientProps, context: any): LinearGradient', gave the following error.
    Type 'string[]' is not assignable to type 'readonly [ColorValue, ColorValue, ...ColorValue[]]'.
      Source provides no match for required element at position 0 in target.
src/screens/ReportScreen.tsx(100,22): error TS2741: Property 'textStyle' is missing in type '{ title: string; onPress: () => void; style: { marginTop: number; }; }' but required in type '{ title: any; onPress: any; loading?: boolean; style: any; textStyle: any; variant?: string; }'.
src/screens/ResourcesScreen.tsx(57,10): error TS2741: Property 'style' is missing in type '{ children: Element; }' but required in type '{ children: any; style: any; }'.
src/screens/ResourcesScreen.tsx(69,22): error TS2741: Property 'icon' is missing in type '{ title: string; description: string; contact: string; type: string; }' but required in type '{ title: any; description: any; contact: any; type: any; icon: any; }'.
src/screens/ResourcesScreen.tsx(86,22): error TS2741: Property 'icon' is missing in type '{ title: string; description: string; contact: string; type: string; }' but required in type '{ title: any; description: any; contact: any; type: any; icon: any; }'.
src/screens/ResourcesScreen.tsx(92,22): error TS2741: Property 'icon' is missing in type '{ title: string; description: string; contact: string; type: string; }' but required in type '{ title: any; description: any; contact: any; type: any; icon: any; }'.
src/screens/ResourcesScreen.tsx(102,22): error TS2741: Property 'icon' is missing in type '{ title: string; description: string; contact: string; type: string; }' but required in type '{ title: any; description: any; contact: any; type: any; icon: any; }'.
src/screens/ResourcesScreen.tsx(108,22): error TS2741: Property 'icon' is missing in type '{ title: string; description: string; contact: string; type: string; }' but required in type '{ title: any; description: any; contact: any; type: any; icon: any; }'.
src/screens/SettingsScreen.tsx(44,10): error TS2741: Property 'style' is missing in type '{ children: Element; }' but required in type '{ children: any; style: any; }'.
